account.nicovideo.jp
accountpage.line.me
admin-official.line.me
auth.pigg.ameba.jp
auth.zaim.net
b.hatena.ne.jp
bkuma.hatena.ne.jp
blog.hatena.ne.jp
cafe.cookpad.com
colopl.co.jp
contact.voyagegroup.com
cookpad.com
cs.kddi.com
d.hatena.ne.jp
dauth.user.ameba.jp
dena.com
developer.gree.net
direct.jp-bank.japanpost.jp
ecnavi.jp
entry.nifty.com
entry11.bk.mufg.jp
f.hatena.ne.jp
flets.com
gree.jp
gunosy.co.jp
h.hatena.ne.jp
help.gree.jp
holiday.cookpad.com
hometrade.nomura.co.jp
ib.sevenbank.co.jp
ja.help.gree.net
job.mynavi.jp
kcm.konami.co.jp
kenko.cookpad.com
lineq.line.me
login.hatena.ne.jp
login.salesforce.com
login.yahoo.co.jp
mail.nifty.com
mall.rakuten-edy.co.jp
manga.line.me
mixi.co.jp
mixi.jp
mobile.hatena.ne.jp
moneyforward.com
mpf.gree.jp
my.jcb.co.jp
my.kaspersky.com
my.orico.co.jp
my.rakuten.co.jp
my.softbank.jp
mypage.ocn.ne.jp
nanapi.jp
north2.eplus.jp
okwave.jp
online.buffalo.jp
online.sc.mufg.jp
open.mixi.jp
p.mixi.jp
p.nintendo.net
pepabo.com
pf.gree.jp
pid.gree.net
pigg.ameba.jp
q.hatena.ne.jp
qiita.com
recruit.gu3.co.jp
s.ameba.jp
s.amebame.com
s.hatena.ne.jp
search.e-gov.go.jp
secure.square-enix.com
shinsei.e-gov.go.jp
ssl.kakaku.com
sso.nifty.com
store.line.me
thelp.gree.jp
twitter.com
url.hatena.ne.jp
user.ameba.jp
voyagegroup.com
web.ib.mizuhobank.co.jp
web1.plala.or.jp
www.airbnb.jp
www.ameba.jp
www.ana.co.jp
www.cisco.com
www.click-sec.com
www.cyberagent.co.jp
www.cybozu.com
www.daiwa.jp
www.deal.matsui.co.jp
www.dmm.com
www.doorkeeper.jp
www.e-gov.go.jp
www.eki-net.com
www.fout.co.jp
www.gmo.jp
www.groupon.jp
www.hatena.ne.jp
www.hellowork.go.jp
www.iij.ad.jp
www.iij4u.or.jp
www.iijmio.jp
www.ipa.go.jp
www.iprsupport-jpo.go.jp
www.iy-net.jp
www.jal.co.jp
www.jpcert.or.jp
www.jpo.go.jp
www.juniper.net
www.klab.com
www.linkedin.com
www.logitec.co.jp
www.microad.co.jp
www.mizuhobank.co.jp
www.mof.go.jp
www.monex.co.jp
www.ncsoft.jp
www.nifty.co.jp
www.nifty.com
www.ntt.com
www.nttdata.com
www.nttdocomo.co.jp
www.oisix.com
www.rakuten-sec.co.jp
www.ricoh.co.jp
www.sbisec.co.jp
www.secure.pixiv.net
www.smartnews.com
www.smbc-card.com
www.so-net.ne.jp
www.symantec.com
www.telecom-isac.jp
www.trendmicro.com
www.valuecommerce.ne.jp
www.wantedly.com
www.youtube.com
www2.mof.go.jp
ycon.line.me
