my.rakuten.co.jp
mall.rakuten-edy.co.jp
www.rakuten-sec.co.jp
login.yahoo.co.jp
www.nifty.co.jp
sso.nifty.com
mail.nifty.com
qiita.com
www.nttdocomo.co.jp
admin-official.line.me
www.smbc-card.com
twitter.com
www.nttdata.com
www.ntt.com
entry11.bk.mufg.jp
www.mizuhobank.co.jp
web.ib.mizuhobank.co.jp
gree.jp
developer.gree.net
www.hatena.ne.jp
login.hatena.ne.jp
cookpad.com
gunosy.co.jp
www.smartnews.com
recruit.gu3.co.jp
account.nicovideo.jp
pigg.ameba.jp
s.amebame.com
dena.com
voyagegroup.com
contact.voyagegroup.com
ecnavi.jp
ssl.kakaku.com
www.doorkeeper.jp
job.mynavi.jp
www.linkedin.com
www.youtube.com
hometrade.nomura.co.jp
www.daiwa.jp
online.sc.mufg.jp
www.deal.matsui.co.jp
www.monex.co.jp
www.sbisec.co.jp
www.so-net.ne.jp
mypage.ocn.ne.jp
web1.plala.or.jp
www.iijmio.jp
www.iij4u.or.jp
www.iij.ad.jp
my.softbank.jp
moneyforward.com
auth.zaim.net
www.secure.pixiv.net
north2.eplus.jp
flets.com
www.hellowork.go.jp
www.airbnb.jp
www.ana.co.jp
www.jal.co.jp
www.oisix.com
www.eki-net.com
www.wantedly.com
p.nintendo.net
www.iy-net.jp
www.valuecommerce.ne.jp
ib.sevenbank.co.jp
www.ricoh.co.jp
www.symantec.com
www.trendmicro.com
my.kaspersky.com
www.cybozu.com
www.cisco.com
www.juniper.net
www.ipa.go.jp
www.jpcert.or.jp
www.telecom-isac.jp
www.logitec.co.jp
online.buffalo.jp
cs.kddi.com
www.gmo.jp
pepabo.com
nanapi.jp
www.click-sec.com
mixi.jp
mixi.co.jp
www.microad.co.jp
www.cyberagent.co.jp
www.groupon.jp
colopl.co.jp
www.dmm.com
www.klab.com
okwave.jp
www.fout.co.jp
kcm.konami.co.jp
secure.square-enix.com
www.ncsoft.jp
my.orico.co.jp
my.jcb.co.jp
login.salesforce.com
direct.jp-bank.japanpost.jp
